// Jest Snapshot v1, https://goo.gl/fbAQLP

exports[`Menu should match the Menu Snapshot 1`] = `
<nav>
  <h1
    className="the-news-logo"
  >
    the 
    <span>
      news
    </span>
  </h1>
  <div
    className="menu-side-bar"
  >
    <h2
      onClick={[Function]}
    >
      <img
        className="icon-image"
        src="local.svg"
      />
       
      <h3>
        Local News
      </h3>
    </h2>
    <h2
      onClick={[Function]}
    >
      <img
        className="icon-image"
        src="technology.svg"
      />
      <h3>
        Technology
      </h3>
    </h2>
    <h2
      onClick={[Function]}
    >
      <img
        className="icon-image"
        src="entertainment.svg"
      />
      <h3>
        Entertainment
      </h3>
    </h2>
    <h2
      onClick={[Function]}
    >
      <img
        className="icon-image"
        src="science.svg"
      />
      <h3>
        Science
      </h3>
    </h2>
    <h2
      onClick={[Function]}
    >
      <img
        className="icon-image"
        src="health.svg"
      />
      <h3>
        Health
      </h3>
    </h2>
  </div>
</nav>
`;
